// Jest Snapshot v1, https://goo.gl/fbAQLP

exports[`<PortfolioCardHeader /> should render correctly 1`] = `
<Styled(Component)>
  <Styled(Component)
    className="pf-m-grow"
  >
    <Component>
      <Link
        id="portfolio-link-undefined"
        to={
          Object {
            "pathname": "foo/bar",
            "search": "?something=1",
          }
        }
      >
        <Component
          className="pf-u-mb-0"
          component="h3"
          title="foo"
        >
          <styled.div>
            foo
          </styled.div>
        </Component>
      </Link>
    </Component>
  </Styled(Component)>
  <Component
    onClick={[Function]}
  />
</Styled(Component)>
`;
