// Jest Snapshot v1, https://goo.gl/fbAQLP

exports[`<PortfolioCard /> should render correctly 1`] = `
<GalleryItem>
  <Card
    className="content-gallery-card"
    component="article"
    isHoverable={false}
  >
    <CardHeader
      className=""
    >
      <PortfolioCardHeader
        headerActions={
          Array [
            <Dropdown
              className=""
              direction="down"
              dropdownItems={
                Array [
                  <Item
                    className=""
                    component="a"
                    href="#"
                    isDisabled={false}
                    isHovered={false}
                  >
                    <Link
                      className="pf-c-dropdown__menu-item"
                      id="share-portfolio-123-link"
                      to="/portfolios/share/123"
                    >
                      Share
                    </Link>
                  </Item>,
                  <Separator
                    className=""
                    component="a"
                    href="#"
                    isDisabled={false}
                    isHovered={false}
                  />,
                  <Item
                    className=""
                    component="a"
                    href="#"
                    isDisabled={false}
                    isHovered={false}
                  >
                    <Link
                      className="pf-c-dropdown__menu-item"
                      id="edit-portfolio-123-link"
                      to="/portfolios/edit/123"
                    >
                      Edit
                    </Link>
                  </Item>,
                  <Item
                    className=""
                    component="a"
                    href="#"
                    isDisabled={false}
                    isHovered={false}
                  >
                    <Link
                      className="pf-c-dropdown__menu-item destructive-color"
                      id="delete-portfolio-123-link"
                      to="/portfolios/remove/123"
                    >
                      Delete
                    </Link>
                  </Item>,
                ]
              }
              id="portfolio-card-header-actions-123"
              isOpen={false}
              isPlain={true}
              onSelect={[Function]}
              position="right"
              toggle={
                <Kebab
                  aria-label="Actions"
                  className=""
                  id=""
                  isActive={false}
                  isDisabled={false}
                  isFocused={false}
                  isHovered={false}
                  isOpen={false}
                  isPlain={false}
                  onToggle={[Function]}
                  parentRef={null}
                />
              }
            />,
          ]
        }
        portfolioName="name"
      />
    </CardHeader>
    <CardBody
      className="pf-u-pl-0 pf-u-pr-0 pf-u-pb-0"
      component="div"
      isFilled={true}
    >
      <Link
        className="card-link pf-u-display-block pf-u-pl-lg pf-u-pr-lg"
        id="portfolio-card-link-123"
        to="/portfolios/detail/123"
      >
        <TextContent
          className=""
        >
          <Text
            className=""
            component="small"
          >
            Last modified NaN days ago by Owner.
          </Text>
        </TextContent>
        <ItemDetails
          created_at="created at"
          description="description"
          modified="modified"
          name="name"
          owner="Owner"
          portfolioName="foo"
          toDisplay={
            Array [
              "description",
            ]
          }
        />
      </Link>
    </CardBody>
    <CardFooter
      className=""
      component="div"
    />
  </Card>
</GalleryItem>
`;
