// Jest Snapshot v1, https://goo.gl/fbAQLP

exports[`<ContentGallery /> should render all items 1`] = `
<ContentGallery
  isLoading={false}
  items={
    Array [
      <div>
        1
      </div>,
      <div>
        2
      </div>,
      <div>
        3
      </div>,
    ]
  }
>
  <Section
    type="content"
  >
    <section
      className="ins-l-content"
    >
       
      <Component
        className="content-gallery"
        hasGutter={true}
      >
        <div
          className="pf-l-gallery pf-m-gutter content-gallery"
        >
          <div
            key="1"
          >
            1
          </div>
          <div
            key="2"
          >
            2
          </div>
          <div
            key="3"
          >
            3
          </div>
        </div>
      </Component>
       
    </section>
  </Section>
</ContentGallery>
`;

exports[`<ContentGallery /> should render in loading state 1`] = `
<CardLoader
  items={13}
/>
`;

exports[`<ContentGallery /> should render no items placeholder 1`] = `
<ContentGallery
  isLoading={false}
  items={Array []}
>
  <NoItems>
    <div>
      <Component
        component="h1"
      >
        <h1
          className=""
          data-pf-content={true}
        >
          No items found
        </h1>
      </Component>
    </div>
  </NoItems>
</ContentGallery>
`;
