// Jest Snapshot v1, https://goo.gl/fbAQLP

exports[`<CardCheckbox /> should render correctly 1`] = `
<div
  style={
    Object {
      "float": "right",
    }
  }
>
  <OutlinedSquareIcon
    aria-label="card checkbox"
    className="icon-checkbox "
    color="currentColor"
    id="foo-id"
    onClick={[MockFunction]}
    size="sm"
    title={null}
  />
</div>
`;
