// Jest Snapshot v1, https://goo.gl/fbAQLP

exports[`<ConditionalLink /> should render children wrapped in router Link component 1`] = `
<ConditionalLink
  pathname="/some/url"
>
  <CatalogLink
    pathname="/some/url"
  >
    <Styled(Component)
      to={
        Object {
          "hash": undefined,
          "pathname": "/some/url",
          "search": "",
        }
      }
    >
      <Component
        className="sc-bdfBwQ jbXRCV"
        to={
          Object {
            "hash": undefined,
            "pathname": "/some/url",
            "search": "",
          }
        }
      >
        <Link
          className="sc-bdfBwQ jbXRCV"
          to={
            Object {
              "hash": undefined,
              "pathname": "/some/url",
              "search": "",
            }
          }
        >
          <LinkAnchor
            className="sc-bdfBwQ jbXRCV"
            href="/some/url"
            navigate={[Function]}
          >
            <a
              className="sc-bdfBwQ jbXRCV"
              href="/some/url"
              onClick={[Function]}
            >
              <div>
                Link children
              </div>
            </a>
          </LinkAnchor>
        </Link>
      </Component>
    </Styled(Component)>
  </CatalogLink>
</ConditionalLink>
`;

exports[`<ConditionalLink /> should render only children withouth link 1`] = `
<ConditionalLink>
  <div>
    Link children
  </div>
</ConditionalLink>
`;
