// Jest Snapshot v1, https://goo.gl/fbAQLP

exports[`<EditApprovalWorkflow /> should render correctly 1`] = `
<ContextProvider
  value={
    Object {
      "store": Object {
        "clearActions": [Function],
        "dispatch": [Function],
        "getActions": [Function],
        "getState": [Function],
        "replaceReducer": [Function],
        "subscribe": [Function],
      },
      "subscription": Subscription {
        "handleChangeWrapper": [Function],
        "listeners": Object {
          "notify": [Function],
        },
        "onStateChange": [Function],
        "parentSub": undefined,
        "store": Object {
          "clearActions": [Function],
          "dispatch": [Function],
          "getActions": [Function],
          "getState": [Function],
          "replaceReducer": [Function],
          "subscribe": [Function],
        },
        "unsubscribe": null,
      },
    }
  }
>
  <MemoryRouter>
    <EditApprovalWorkflow
      closeUrl="foo"
      objectName={[Function]}
      objectType="Portfolio"
      portfolioId="123"
      pushParam={
        Object {
          "pathname": "/foo",
          "search": "?platform=1",
        }
      }
      querySelector="portfolio"
    />
  </MemoryRouter>
</ContextProvider>
`;
