// Jest Snapshot v1, https://goo.gl/fbAQLP

exports[`<PortfolioItemDetail /> should render correctly 1`] = `
<ContextProvider
  value={
    Object {
      "permissions": Array [],
    }
  }
>
  <Provider
    store={
      Object {
        "clearActions": [Function],
        "dispatch": [Function],
        "getActions": [Function],
        "getState": [Function],
        "replaceReducer": [Function],
        "subscribe": [Function],
      }
    }
  >
    <MemoryRouter>
      <PortfolioItemDetail />
    </MemoryRouter>
  </Provider>
  .
</ContextProvider>
`;
