// Jest Snapshot v1, https://goo.gl/fbAQLP

exports[`<AddPortfolioModal /> should render correctly 1`] = `
<ContextProvider
  value={
    Object {
      "store": Object {
        "clearActions": [Function],
        "dispatch": [Function],
        "getActions": [Function],
        "getState": [Function],
        "replaceReducer": [Function],
        "subscribe": [Function],
      },
      "subscription": Subscription {
        "handleChangeWrapper": [Function],
        "listeners": Object {
          "clear": [Function],
          "get": [Function],
          "notify": [Function],
          "subscribe": [Function],
        },
        "onStateChange": [Function],
        "parentSub": undefined,
        "store": Object {
          "clearActions": [Function],
          "dispatch": [Function],
          "getActions": [Function],
          "getState": [Function],
          "replaceReducer": [Function],
          "subscribe": [Function],
        },
        "unsubscribe": [Function],
      },
    }
  }
>
  <MemoryRouter
    initialEntries={
      Array [
        "portfolios/undefined",
      ]
    }
  >
    <withRouter(Connect(AddPortfolioModal))
      fetchPortfolios={[MockFunction]}
    />
  </MemoryRouter>
</ContextProvider>
`;
