// Jest Snapshot v1, https://goo.gl/fbAQLP

exports[`<PortfolioItem /> should render correctly 1`] = `
<PortfolioItem
  description="Bar"
  display_name="quux"
  id="1"
  metadata={
    Object {
      "user_capabilities": Object {
        "destroy": true,
      },
    }
  }
  name="Foo"
  orderUrl="/order"
>
  <Styled(Component)>
    <Component
      className="sc-fznyAO hahLsc"
    >
      <Component
        className="sc-fznyAO hahLsc"
      >
        <div
          className="sc-fznyAO hahLsc"
        >
          <Styled(Component)>
            <Component
              className="sc-fzplWN kZIWSH"
            >
              <article
                className="pf-c-card sc-fzplWN kZIWSH"
              >
                <Component>
                  <div
                    className="pf-c-card__header"
                  >
                    <Styled(Component)>
                      <Component
                        className="sc-fznKkj jHfxlR"
                      >
                        <div
                          className="pf-l-level sc-fznKkj jHfxlR"
                        >
                          <CardIcon
                            height={40}
                            src="/api/catalog/v1.1/portfolio_items/1/icon"
                            style={Object {}}
                          >
                            <styled.div
                              height={40}
                            >
                              <div
                                className="sc-AxheI eDjZka"
                                height={40}
                              >
                                <IconPlaceholder
                                  height={40}
                                >
                                  <svg
                                    height={40}
                                    width={40}
                                  >
                                    <circle
                                      cx={20}
                                      cy={20}
                                      fill="#ecebeb"
                                      r={20}
                                    />
                                  </svg>
                                </IconPlaceholder>
                                <Styled(t)
                                  delayTime={0}
                                  height={0}
                                  hidden={true}
                                  onError={[Function]}
                                  onLoad={[Function]}
                                  src="/api/catalog/v1.1/portfolio_items/1/icon"
                                  threshold={2000}
                                >
                                  <t
                                    afterLoad={[Function]}
                                    beforeLoad={[Function]}
                                    className="sc-AxgMl hkMtbB"
                                    delayMethod="throttle"
                                    delayTime={0}
                                    effect=""
                                    height={0}
                                    hidden={true}
                                    onError={[Function]}
                                    onLoad={[Function]}
                                    placeholderSrc={null}
                                    src="/api/catalog/v1.1/portfolio_items/1/icon"
                                    threshold={2000}
                                    useIntersectionObserver={true}
                                    visibleByDefault={false}
                                    wrapperClassName=""
                                  >
                                    <t
                                      afterLoad={[Function]}
                                      beforeLoad={[Function]}
                                      className="sc-AxgMl hkMtbB"
                                      delayMethod="throttle"
                                      delayTime={0}
                                      height={0}
                                      threshold={2000}
                                      useIntersectionObserver={true}
                                      visibleByDefault={false}
                                    >
                                      <img
                                        className="sc-AxgMl hkMtbB"
                                        height={0}
                                        hidden={true}
                                        onError={[Function]}
                                        onLoad={[Function]}
                                        src="/api/catalog/v1.1/portfolio_items/1/icon"
                                      />
                                    </t>
                                  </t>
                                </Styled(t)>
                              </div>
                            </styled.div>
                          </CardIcon>
                        </div>
                      </Component>
                    </Styled(Component)>
                  </div>
                </Component>
                <ServiceOfferingCardBody
                  description="Bar"
                  display_name="quux"
                  id="1"
                  metadata={
                    Object {
                      "user_capabilities": Object {
                        "destroy": true,
                      },
                    }
                  }
                  name="Foo"
                  orderUrl="/order"
                >
                  <Styled(Component)>
                    <Component
                      className="sc-fzpans hEOQak"
                    >
                      <div
                        className="pf-c-card__body sc-fzpans hEOQak"
                      >
                        <Component>
                          <div
                            className="pf-c-content"
                          >
                            <ConditionalLink>
                              <Component
                                component="h3"
                                title="Foo"
                              >
                                <h3
                                  className=""
                                  data-pf-content={true}
                                  title="Foo"
                                >
                                  <styled.div>
                                    <div
                                      className="sc-fzoLsD VNciv"
                                    >
                                      Foo
                                    </div>
                                  </styled.div>
                                </h3>
                              </Component>
                            </ConditionalLink>
                          </div>
                        </Component>
                        <ItemDetails
                          description="Bar"
                          id="1"
                          metadata={
                            Object {
                              "user_capabilities": Object {
                                "destroy": true,
                              },
                            }
                          }
                          orderUrl="/order"
                          toDisplay={
                            Array [
                              "description",
                            ]
                          }
                        >
                          <styled.div
                            key="card-prop-description"
                          >
                            <div
                              className="sc-Axmtr bQyRiD"
                            >
                              Bar
                            </div>
                          </styled.div>
                        </ItemDetails>
                      </div>
                    </Component>
                  </Styled(Component)>
                </ServiceOfferingCardBody>
                <Component>
                  <div
                    className="pf-c-card__footer"
                  />
                </Component>
              </article>
            </Component>
          </Styled(Component)>
        </div>
      </Component>
    </Component>
  </Styled(Component)>
</PortfolioItem>
`;
