// Jest Snapshot v1, https://goo.gl/fbAQLP

exports[`<AddProductsGallery /> should render correctly 1`] = `
<ContentGallery
  NoItems={[Function]}
  checkedItems={Array []}
  editMode={true}
/>
`;
